2026-09-11 16:57:38 | INFO    | PipelineLogger.write | PIPELINE EXECUTE | project_id=EmailTracking | environment_id=production | version='1.0.0' | revision=0 | publication_mode='local'
2026-09-11 16:57:38 | INFO    | PipelineLogger.write | PIPELINE USE CASE | project_id=EmailTracking | environment_id=production | version='1.0.0' | revision=0 | publication_mode='local'
2026-09-11 16:57:39 | INFO    | PipelineLogger.write | VALIDAÇÃO DO PROJETO
2026-09-11 16:57:40 | INFO    | PipelineLogger.write | Project ID........: EmailTracking
2026-09-11 16:57:40 | INFO    | PipelineLogger.write | Project Path......: 02-Source\01-Client\OuroNet.Client.WinService.EmailTracking\OuroNet.Client.WinService.Email.csproj
2026-09-11 16:57:41 | INFO    | PipelineLogger.write | Workspace Root....: C:\DvpLocal\WorkSpaceTFS\OuroNet\Scc\Producao\OuroNet
2026-09-11 16:57:41 | INFO    | PipelineLogger.write | Project File......: C:\DvpLocal\WorkSpaceTFS\OuroNet\Scc\Producao\OuroNet\02-Source\01-Client\OuroNet.Client.WinService.EmailTracking\OuroNet.Client.WinService.Email.csproj
2026-09-11 16:57:41 | INFO    | PipelineLogger.write | VALIDAÇÃO DO PROJETO - OK
2026-09-11 16:57:43 | INFO    | PipelineLogger.write | ================================================================================
2026-09-11 16:57:43 | INFO    | PipelineLogger.write | PIPELINE RUNNER - INICIO
2026-09-11 16:57:43 | INFO    | PipelineLogger.write | ================================================================================
2026-09-11 16:57:43 | INFO    | PipelineLogger.write | Arquivo........: C:\Custom\ourobuild\app\pipeline\runner\pipeline_runner.py
2026-09-11 16:57:44 | INFO    | PipelineLogger.write | Pipeline.......: Build Pipeline
2026-09-11 16:57:44 | INFO    | PipelineLogger.write | Quantidade Steps: 3
2026-09-11 16:57:44 | INFO    | PipelineLogger.write | ================================================================================
2026-09-11 16:57:44 | INFO    | PipelineLogger.write | 
2026-09-11 16:57:45 | INFO    | PipelineLogger.write | ================================================================================
2026-09-11 16:57:45 | INFO    | PipelineLogger.write | EXECUTANDO STEP: Restore
2026-09-11 16:57:45 | INFO    | PipelineLogger.write | STEP CLASS.....: RestoreStep
2026-09-11 16:57:45 | INFO    | PipelineLogger.write | ================================================================================
2026-09-11 16:57:47 | INFO    | PipelineLogger.write | 
2026-09-11 16:57:48 | INFO    | PipelineLogger.write | ================================================================================
2026-09-11 16:57:48 | INFO    | PipelineLogger.write | PIPELINE RUNNER - STEP RESULT
2026-09-11 16:57:49 | INFO    | PipelineLogger.write | ================================================================================
2026-09-11 16:57:49 | INFO    | PipelineLogger.write | Step............: Restore
2026-09-11 16:57:49 | INFO    | PipelineLogger.write | Status..........: StepStatus.SUCCESS
2026-09-11 16:57:50 | INFO    | PipelineLogger.write | Analysis........: <class 'NoneType'>
2026-09-11 16:57:50 | INFO    | PipelineLogger.write | 
2026-09-11 16:57:50 | INFO    | PipelineLogger.write | ================================================================================
2026-09-11 16:57:51 | INFO    | PipelineLogger.write | EXECUTANDO STEP: Build
2026-09-11 16:57:51 | INFO    | PipelineLogger.write | STEP CLASS.....: BuildStep
2026-09-11 16:57:52 | INFO    | PipelineLogger.write | ================================================================================
2026-09-11 16:57:53 | INFO    | PipelineLogger.write | MSBUILD CONFIGURATION
2026-09-11 16:57:53 | INFO    | PipelineLogger.write | Project........: WinService Email Tracking
2026-09-11 16:57:53 | INFO    | PipelineLogger.write | Project File...: C:\DvpLocal\WorkSpaceTFS\OuroNet\Scc\Producao\OuroNet\02-Source\01-Client\OuroNet.Client.WinService.EmailTracking\OuroNet.Client.WinService.Email.csproj
2026-09-11 16:57:54 | INFO    | PipelineLogger.write | Configuration..: Release
2026-09-11 16:57:54 | INFO    | PipelineLogger.write | Platform.......: AnyCPU
2026-09-11 16:57:54 | INFO    | PipelineLogger.write | Normalized.....: AnyCPU
2026-09-11 16:57:54 | INFO    | PipelineLogger.write | MSBuild........: C:\Program Files\Microsoft Visual Studio\18\Professional\MSBuild\Current\Bin\MSBuild.exe
2026-09-11 16:57:54 | INFO    | PipelineLogger.write | MSBUILD ARGUMENTS
2026-09-11 16:57:54 | INFO    | PipelineLogger.write | Project........: C:\DvpLocal\WorkSpaceTFS\OuroNet\Scc\Producao\OuroNet\02-Source\01-Client\OuroNet.Client.WinService.EmailTracking\OuroNet.Client.WinService.Email.csproj
2026-09-11 16:57:54 | INFO    | PipelineLogger.write | Configuration..: /p:Configuration=Release
2026-09-11 16:57:55 | INFO    | PipelineLogger.write | Platform.......: /p:Platform=AnyCPU
2026-09-11 16:58:01 | INFO    | PipelineLogger.write | 
2026-09-11 16:58:01 | INFO    | PipelineLogger.write | ================================================================================
2026-09-11 16:58:01 | INFO    | PipelineLogger.write | PIPELINE RUNNER - STEP RESULT
2026-09-11 16:58:02 | INFO    | PipelineLogger.write | ================================================================================
2026-09-11 16:58:02 | INFO    | PipelineLogger.write | Step............: Build
2026-09-11 16:58:02 | INFO    | PipelineLogger.write | Status..........: StepStatus.SUCCESS
2026-09-11 16:58:03 | INFO    | PipelineLogger.write | Analysis........: <class 'app.models.build.build_execution.BuildExecution'>
2026-09-11 16:58:03 | INFO    | PipelineLogger.write | Warnings........: 0
2026-09-11 16:58:03 | INFO    | PipelineLogger.write | Errors..........: 0
2026-09-11 16:58:04 | INFO    | PipelineLogger.write | 
2026-09-11 16:58:04 | INFO    | PipelineLogger.write | ================================================================================
2026-09-11 16:58:04 | INFO    | PipelineLogger.write | BUILD EXECUTION
2026-09-11 16:58:04 | INFO    | PipelineLogger.write | ================================================================================
2026-09-11 16:58:05 | INFO    | PipelineLogger.write | Warnings........: 0
2026-09-11 16:58:05 | INFO    | PipelineLogger.write | Errors..........: 0
2026-09-11 16:58:05 | INFO    | PipelineLogger.write | BUILD ARMAZENADO EM PipelineResult
2026-09-11 16:58:06 | INFO    | PipelineLogger.write | ================================================================================
2026-09-11 16:58:06 | INFO    | PipelineLogger.write | 
2026-09-11 16:58:06 | INFO    | PipelineLogger.write | ================================================================================
2026-09-11 16:58:06 | INFO    | PipelineLogger.write | EXECUTANDO STEP: Publish
2026-09-11 16:58:06 | INFO    | PipelineLogger.write | STEP CLASS.....: PublishStep
2026-09-11 16:58:06 | INFO    | PipelineLogger.write | ================================================================================
2026-09-11 16:58:15 | INFO    | PipelineLogger.write | 
2026-09-11 16:58:15 | INFO    | PipelineLogger.write | ================================================================================
2026-09-11 16:58:16 | INFO    | PipelineLogger.write | PIPELINE RUNNER - STEP RESULT
2026-09-11 16:58:16 | INFO    | PipelineLogger.write | ================================================================================
2026-09-11 16:58:16 | INFO    | PipelineLogger.write | Step............: Publish
2026-09-11 16:58:16 | INFO    | PipelineLogger.write | Status..........: StepStatus.SUCCESS
2026-09-11 16:58:17 | INFO    | PipelineLogger.write | Analysis........: <class 'NoneType'>
2026-09-11 16:58:17 | INFO    | PipelineLogger.write | 
2026-09-11 16:58:17 | INFO    | PipelineLogger.write | ================================================================================
2026-09-11 16:58:18 | INFO    | PipelineLogger.write | PIPELINE RESULT
2026-09-11 16:58:18 | INFO    | PipelineLogger.write | ================================================================================
2026-09-11 16:58:18 | INFO    | PipelineLogger.write | Success.........: True
2026-09-11 16:58:18 | INFO    | PipelineLogger.write | Failed Step.....: 
2026-09-11 16:58:18 | INFO    | PipelineLogger.write | Elapsed.........: 34.56422
2026-09-11 16:58:19 | INFO    | PipelineLogger.write | Build Warnings..: 0
2026-09-11 16:58:19 | INFO    | PipelineLogger.write | Build Errors....: 0
2026-09-11 16:58:20 | INFO    | PipelineLogger.write | Publish.........: None
2026-09-11 16:58:20 | INFO    | PipelineLogger.write | Steps executadas: 3
2026-09-11 16:58:20 | INFO    | PipelineLogger.write | ================================================================================
2026-09-11 16:58:20 | INFO    | PipelineLogger.write | SALVANDO EXECUÇÃO
2026-09-11 16:58:20 | INFO    | PipelineLogger.write | ================================================================================
2026-09-11 16:58:21 | INFO    | PipelineLogger.write | EXECUÇÃO SALVA
2026-09-11 16:58:21 | INFO    | PipelineLogger.write | ================================================================================
2026-09-11 16:58:21 | INFO    | PipelineLogger.write | 
2026-09-11 16:58:22 | INFO    | PipelineLogger.write | ================================================================================
2026-09-11 16:58:22 | INFO    | PipelineLogger.write | PIPELINE RUNNER - FINAL
2026-09-11 16:58:22 | INFO    | PipelineLogger.write | ================================================================================
2026-09-11 16:58:23 | INFO    | PipelineLogger.write | PipelineResult...: <class 'app.models.pipeline.pipeline_result.PipelineResult'>
2026-09-11 16:58:23 | INFO    | PipelineLogger.write | Build............: <class 'app.models.build.build_execution.BuildExecution'>
2026-09-11 16:58:23 | INFO    | PipelineLogger.write | Publish..........: <class 'NoneType'>
2026-09-11 16:58:24 | INFO    | PipelineLogger.write | Steps............: 3
2026-09-11 16:58:24 | INFO    | PipelineLogger.write | ================================================================================
2026-09-11 16:58:25 | INFO    | PipelineLogger.write | WORKSPACE RESOLVER DIAGNOSTICO - PARAMETROS RECEBIDOS
2026-09-11 16:58:26 | INFO    | PipelineLogger.write | project_id.............: 'EmailTracking'
2026-09-11 16:58:26 | INFO    | PipelineLogger.write | environment_id.........: 'production'
2026-09-11 16:58:26 | INFO    | PipelineLogger.write | version................: '1.0.0'
2026-09-11 16:58:27 | INFO    | PipelineLogger.write | revision...............: 0
2026-09-11 16:58:27 | INFO    | PipelineLogger.write | WORKSPACE RESOLVER DIAGNOSTICO - AMBIENTE
2026-09-11 16:58:27 | INFO    | PipelineLogger.write | environment.resolver...: 'production'
2026-09-11 16:58:27 | INFO    | PipelineLogger.write | environment.root_path..: WindowsPath('C:/DvpLocal/WorkSpaceTFS/OuroNet/Scc/Producao/OuroNet')
2026-09-11 16:58:27 | INFO    | PipelineLogger.write | workspace_root..........: C:\DvpLocal\WorkSpaceTFS\OuroNet\Scc\Producao\OuroNet
2026-09-11 16:58:28 | INFO    | PipelineLogger.write | project_file............: C:\DvpLocal\WorkSpaceTFS\OuroNet\Scc\Producao\OuroNet\02-Source\01-Client\OuroNet.Client.WinService.EmailTracking\OuroNet.Client.WinService.Email.csproj
2026-09-11 16:58:28 | INFO    | PipelineLogger.write | SETUP DIAGNOSTICO - PUBLISH DE ORIGEM
2026-09-11 16:58:29 | INFO    | PipelineLogger.write | Projeto...............: EmailTracking
2026-09-11 16:58:29 | INFO    | PipelineLogger.write | Ambiente..............: production
2026-09-11 16:58:29 | INFO    | PipelineLogger.write | Versao................: 1.0.0
2026-09-11 16:58:29 | INFO    | PipelineLogger.write | Revisao................: 0
2026-09-11 16:58:29 | INFO    | PipelineLogger.write | PublishPath............: C:\DvpLocal\WorkSpaceTFS\OuroNet\Scc\Producao\OuroNet\02-Source\01-Client\OuroNet.Client.WinService.EmailTracking\bin\Release
2026-09-11 16:58:29 | INFO    | PipelineLogger.write | PublishPath existe.....: True
2026-09-11 16:58:29 | INFO    | PipelineLogger.write | ================================================================================
2026-09-11 16:58:29 | INFO    | PipelineLogger.write | ORIGEM - ANTES DA COPIA
2026-09-11 16:58:30 | INFO    | PipelineLogger.write | Diretorio.............: C:\DvpLocal\WorkSpaceTFS\OuroNet\Scc\Producao\OuroNet\02-Source\01-Client\OuroNet.Client.WinService.EmailTracking\bin\Release
2026-09-11 16:58:30 | INFO    | PipelineLogger.write | Diretorio existe......: True
2026-09-11 16:58:31 | INFO    | PipelineLogger.write | Arquivos..............: 815
2026-09-11 16:58:31 | INFO    | PipelineLogger.write | Diretorios............: 75
2026-09-11 16:58:31 | INFO    | PipelineLogger.write | ================================================================================
2026-09-11 16:58:46 | INFO    | PipelineLogger.write | SETUP DIAGNOSTICO - WORKSPACE APOS COPIA
2026-09-11 16:58:47 | INFO    | PipelineLogger.write | Workspace.............: C:\Setups\.work\EmailTracking
2026-09-11 16:58:47 | INFO    | PipelineLogger.write | Workspace Release.....: C:\Setups\.work\EmailTracking\Release
2026-09-11 16:58:47 | INFO    | PipelineLogger.write | Release existe........: True
2026-09-11 16:58:47 | INFO    | PipelineLogger.write | ================================================================================
2026-09-11 16:58:47 | INFO    | PipelineLogger.write | WORKSPACE - APOS COPIA E ANTES DO CLEANUP
2026-09-11 16:58:48 | INFO    | PipelineLogger.write | Diretorio.............: C:\Setups\.work\EmailTracking\Release
2026-09-11 16:58:48 | INFO    | PipelineLogger.write | Diretorio existe......: True
2026-09-11 16:58:48 | INFO    | PipelineLogger.write | Arquivos..............: 815
2026-09-11 16:58:48 | INFO    | PipelineLogger.write | Diretorios............: 75
2026-09-11 16:58:48 | INFO    | PipelineLogger.write | ================================================================================
2026-09-11 16:58:54 | INFO    | PipelineLogger.write | SETUP DIAGNOSTICO - CLEANUP
2026-09-11 16:58:54 | INFO    | PipelineLogger.write | Arquivos analisados.....: 815
2026-09-11 16:58:55 | INFO    | PipelineLogger.write | Arquivos removidos......: 611
2026-09-11 16:58:55 | INFO    | PipelineLogger.write | Arquivos preservados....: 204
2026-09-11 16:58:55 | INFO    | PipelineLogger.write | Diretorios analisados...: 75
2026-09-11 16:58:55 | INFO    | PipelineLogger.write | Diretorios removidos....: 70
2026-09-11 16:58:55 | INFO    | PipelineLogger.write | Diretorios preservados..: 5
2026-09-11 16:58:55 | INFO    | PipelineLogger.write | CLEANUP RESULTADO
2026-09-11 16:58:55 | INFO    | PipelineLogger.write | Arquivos removidos......: 611
2026-09-11 16:58:55 | INFO    | PipelineLogger.write | Arquivos preservados....: 204
2026-09-11 16:58:55 | INFO    | PipelineLogger.write | Diretorios removidos....: 70
2026-09-11 16:58:55 | INFO    | PipelineLogger.write | Diretorios preservados..: 5
2026-09-11 16:58:55 | INFO    | PipelineLogger.write | ================================================================================
2026-09-11 16:58:55 | INFO    | PipelineLogger.write | WORKSPACE - APOS CLEANUP
2026-09-11 16:58:55 | INFO    | PipelineLogger.write | Diretorio.............: C:\Setups\.work\EmailTracking\Release
2026-09-11 16:58:55 | INFO    | PipelineLogger.write | Diretorio existe......: True
2026-09-11 16:58:55 | INFO    | PipelineLogger.write | Arquivos..............: 105
2026-09-11 16:58:55 | INFO    | PipelineLogger.write | Diretorios............: 4
2026-09-11 16:58:56 | INFO    | PipelineLogger.write | ================================================================================
2026-09-11 16:58:56 | INFO    | PipelineLogger.write | SETUP DIAGNOSTICO - SOURCEPATH DO AIP ATUALIZADO
2026-09-11 16:58:56 | INFO    | PipelineLogger.write | AIP...................: C:\Setups\.work\EmailTracking\AIP\OuroNet.WinServiceEmailTracking.Setup.aip
2026-09-11 16:58:56 | INFO    | PipelineLogger.write | SourcePath...........: C:\Setups\.work\EmailTracking\Release
